MPLINK 5.09, LINKER
Linker Map File - Created Mon Apr 12 21:20:44 2021

                                 Section Info
                  Section       Type    Address   Location Size(Bytes)
                ---------  ---------  ---------  ---------  ---------
                 RES_VECT       code   0x000000    program   0x000004
                   .cinit    romdata   0x000004    program   0x000002
                MAIN_PROG       code   0x000006    program   0x000150
.config_300005_BUILD/DEFAULT/PRODUCTION/PROJETO    romdata   0x300005    program   0x000001
               .udata_acs      udata   0x000000       data   0x000001



                              Program Memory Usage 
                               Start         End      
                           ---------   ---------      
                            0x000000    0x000155      
                            0x300005    0x300005      
            343 out of 33048 program addresses used, program memory utilization is 1%



                              Symbols - Sorted by Name
                     Name    Address   Location    Storage File                     
                ---------  ---------  ---------  --------- ---------                
                      ADD   0x000054    program     static C:\Users\mathe\OneDrive\trabalho1\trabalho.X\projeto.asm
                  ANALISE   0x000048    program     static C:\Users\mathe\OneDrive\trabalho1\trabalho.X\projeto.asm
                   ATRASO   0x00010a    program     static C:\Users\mathe\OneDrive\trabalho1\trabalho.X\projeto.asm
                  ATRASO1   0x00011a    program     static C:\Users\mathe\OneDrive\trabalho1\trabalho.X\projeto.asm
                  ATRASO2   0x000138    program     static C:\Users\mathe\OneDrive\trabalho1\trabalho.X\projeto.asm
          DECREMENTADISP0   0x000088    program     static C:\Users\mathe\OneDrive\trabalho1\trabalho.X\projeto.asm
               DECREMENTO   0x00006a    program     static C:\Users\mathe\OneDrive\trabalho1\trabalho.X\projeto.asm
                    DELAY   0x0000ec    program     static C:\Users\mathe\OneDrive\trabalho1\trabalho.X\projeto.asm
         DESCREMENTADISP1   0x00007e    program     static C:\Users\mathe\OneDrive\trabalho1\trabalho.X\projeto.asm
               INCREMENTO   0x000032    program     static C:\Users\mathe\OneDrive\trabalho1\trabalho.X\projeto.asm
                     LOOP   0x00010e    program     static C:\Users\mathe\OneDrive\trabalho1\trabalho.X\projeto.asm
                    LOOP2   0x00011e    program     static C:\Users\mathe\OneDrive\trabalho1\trabalho.X\projeto.asm
                    LOOP3   0x00013c    program     static C:\Users\mathe\OneDrive\trabalho1\trabalho.X\projeto.asm
                LOOPDELAY   0x0000f0    program     static C:\Users\mathe\OneDrive\trabalho1\trabalho.X\projeto.asm
                    PAUSA   0x00005a    program     static C:\Users\mathe\OneDrive\trabalho1\trabalho.X\projeto.asm
                    START   0x000006    program     static C:\Users\mathe\OneDrive\trabalho1\trabalho.X\projeto.asm
             looprincipal   0x00000e    program     static C:\Users\mathe\OneDrive\trabalho1\trabalho.X\projeto.asm
                     TIME   0x000000       data     static C:\Users\mathe\OneDrive\trabalho1\trabalho.X\projeto.asm



                              Symbols - Sorted by Address
                     Name    Address   Location    Storage File                     
                ---------  ---------  ---------  --------- ---------                
                    START   0x000006    program     static C:\Users\mathe\OneDrive\trabalho1\trabalho.X\projeto.asm
             looprincipal   0x00000e    program     static C:\Users\mathe\OneDrive\trabalho1\trabalho.X\projeto.asm
               INCREMENTO   0x000032    program     static C:\Users\mathe\OneDrive\trabalho1\trabalho.X\projeto.asm
                  ANALISE   0x000048    program     static C:\Users\mathe\OneDrive\trabalho1\trabalho.X\projeto.asm
                      ADD   0x000054    program     static C:\Users\mathe\OneDrive\trabalho1\trabalho.X\projeto.asm
                    PAUSA   0x00005a    program     static C:\Users\mathe\OneDrive\trabalho1\trabalho.X\projeto.asm
               DECREMENTO   0x00006a    program     static C:\Users\mathe\OneDrive\trabalho1\trabalho.X\projeto.asm
         DESCREMENTADISP1   0x00007e    program     static C:\Users\mathe\OneDrive\trabalho1\trabalho.X\projeto.asm
          DECREMENTADISP0   0x000088    program     static C:\Users\mathe\OneDrive\trabalho1\trabalho.X\projeto.asm
                    DELAY   0x0000ec    program     static C:\Users\mathe\OneDrive\trabalho1\trabalho.X\projeto.asm
                LOOPDELAY   0x0000f0    program     static C:\Users\mathe\OneDrive\trabalho1\trabalho.X\projeto.asm
                   ATRASO   0x00010a    program     static C:\Users\mathe\OneDrive\trabalho1\trabalho.X\projeto.asm
                     LOOP   0x00010e    program     static C:\Users\mathe\OneDrive\trabalho1\trabalho.X\projeto.asm
                  ATRASO1   0x00011a    program     static C:\Users\mathe\OneDrive\trabalho1\trabalho.X\projeto.asm
                    LOOP2   0x00011e    program     static C:\Users\mathe\OneDrive\trabalho1\trabalho.X\projeto.asm
                  ATRASO2   0x000138    program     static C:\Users\mathe\OneDrive\trabalho1\trabalho.X\projeto.asm
                    LOOP3   0x00013c    program     static C:\Users\mathe\OneDrive\trabalho1\trabalho.X\projeto.asm
                     TIME   0x000000       data     static C:\Users\mathe\OneDrive\trabalho1\trabalho.X\projeto.asm


